date	rmse	bias	25p	50p	75p	IQR	LW	UW	mae	gss	fbias	pod	far	csi	corr	stdev	sr
